[16:46:02] [main/WARN] (FabricLoader/Knot) Class path entries reference missing files: E:\#MOD PROJEK\MODS\UCE MOD\unlimited-combination-enchantment-26.1\build\classes\java\client, E:\#MOD PROJEK\MODS\UCE MOD\unlimited-combination-enchantment-26.1\build\resources\client - the game may not load properly!
[16:46:02] [main/INFO] (FabricLoader/GameProvider) Loading Minecraft 26.1 with Fabric Loader 0.19.3
[16:46:02] [main/INFO] (FabricLoader/Mappings) Mappings not present!
[16:46:03] [main/WARN] (FabricLoader/Resolution) Warnings were found!
 - Mod 'Forge Config API Port' (forgeconfigapiport) 26.1.5 recommends any version of modmenu, which is missing!
	 - You should install any version of modmenu for the optimal experience.
[16:46:03] [main/INFO] (FabricLoader) Loading 56 mods:
	- enchantinginfuser 26.1.0
	- fabric-api 0.155.2+26.1.2
	   \-- fabric-permission-api-v1 1.0.2+7437387b4c
	- fabric-api-base 2.0.3+ece0632347
	- fabric-api-lookup-api-v1 2.0.10+d5a053b647
	- fabric-biome-api-v1 18.0.4+35c80edc47
	- fabric-block-api-v1 3.0.2+ec56b60147
	- fabric-block-getter-api-v2 2.0.6+ec56b60147
	- fabric-client-gametest-api-v1 5.0.13+ff4eae5a47
	- fabric-command-api-v2 3.0.5+e2bdee7847
	- fabric-content-registries-v0 11.0.12+d871b99e47
	- fabric-convention-tags-v2 4.3.2+c37e6e5f47
	- fabric-crash-report-info-v1 1.0.3+9f78a5a847
	- fabric-creative-tab-api-v1 5.0.10+d871b99e47
	- fabric-data-attachment-api-v1 2.2.3+d602a89647
	- fabric-data-generation-api-v1 24.0.17+35c80edc47
	- fabric-debug-api-v1 1.0.1+c792624d47
	- fabric-dimensions-v1 5.1.4+9cbf5da547
	- fabric-entity-events-v1 5.0.2+e2bdee7847
	- fabric-events-interaction-v0 5.1.10+c82f046147
	- fabric-game-rule-api-v1 4.0.5+d871b99e47
	- fabric-gametest-api-v1 4.0.13+00a1fba647
	- fabric-item-api-v1 14.1.0+9833182c47
	- fabric-key-mapping-api-v1 2.0.4+e2bdee7847
	- fabric-lifecycle-events-v1 4.0.6+a9b9c17647
	- fabric-loot-api-v3 3.0.11+00a1fba647
	- fabric-menu-api-v1 2.0.12+d871b99e47
	- fabric-message-api-v1 7.0.5+dae8ce3e47
	- fabric-model-loading-api-v1 8.0.1+c7e428fd47
	- fabric-networking-api-v1 6.3.0+50a808ce47
	- fabric-object-builder-api-v1 23.0.13+b61fef4347
	- fabric-particles-v1 5.0.14+b61fef4347
	- fabric-recipe-api-v1 9.0.13+be4b75ae47
	- fabric-registry-sync-v0 7.0.12+b61fef4347
	- fabric-renderer-api-v1 12.0.0+51b152e147
	- fabric-renderer-indigo 8.0.0+51b152e147
	- fabric-rendering-fluids-v1 6.0.1+d871b99e47
	- fabric-rendering-v1 23.0.4+c7e428fd47
	- fabric-resource-conditions-api-v1 6.0.5+00a1fba647
	- fabric-resource-loader-v0 3.3.16+4fc5413f47
	- fabric-resource-loader-v1 2.0.9+d871b99e47
	- fabric-screen-api-v1 5.0.1+d871b99e47
	- fabric-serialization-api-v1 2.0.3+11a26f3147
	- fabric-sound-api-v1 2.0.4+11a26f3147
	- fabric-tag-api-v1 2.0.9+11a26f3147
	- fabric-transfer-api-v1 8.0.2+d871b99e47
	- fabric-transitive-access-wideners-v1 8.0.11+d871b99e47
	- fabricloader 0.19.3
	- forgeconfigapiport 26.1.5
	   |-- com_electronwill_night-config_core 3.8.3
	   \-- com_electronwill_night-config_toml 3.8.3
	- java 25
	- minecraft 26.1
	- mixinextras 0.5.4
	- puzzleslib 26.1.14
	- unlimited-combination-enchantment 1.2.0
[16:46:04] [main/INFO] (FabricLoader/Mixin) SpongePowered MIXIN Subsystem Version=0.8.7 Source=file:/E:/Users/rizki/.gradle/caches/modules-2/files-2.1/net.fabricmc/sponge-mixin/0.17.3+mixin.0.8.7/41c4a3984a80f4679e759fb9f495587acc5cdac7/sponge-mixin-0.17.3+mixin.0.8.7.jar Service=Knot/Fabric Env=CLIENT
[16:46:04] [main/INFO] (FabricLoader/Mixin) Compatibility level set to JAVA_25
[16:46:06] [main/INFO] (FabricLoader/MixinExtras|Service) Initializing MixinExtras via com.llamalad7.mixinextras.service.MixinExtrasServiceImpl(version=0.5.4).
[16:46:08] [Datafixer Bootstrap/INFO] (Minecraft) 291 Datafixer optimizations took 1318 milliseconds
[16:46:10] [main/WARN] (FabricLoader/Mixin) Error loading class: net/fabricmc/fabric/api/event/lifecycle/v1/EntityLoadData (java.lang.ClassNotFoundException: net/fabricmc/fabric/api/event/lifecycle/v1/EntityLoadData)
[16:46:10] [main/WARN] (FabricLoader/Mixin) Error loading class: net/fabricmc/fabric/impl/event/lifecycle/EntityLoadDataSetter (java.lang.ClassNotFoundException: net/fabricmc/fabric/impl/event/lifecycle/EntityLoadDataSetter)
[16:46:11] [main/WARN] (Minecraft) Failed to get system info for Render Extensions
java.lang.IllegalStateException: Can't getDevice() before it was initialized
	at knot//com.mojang.blaze3d.systems.RenderSystem.getDevice(RenderSystem.java:280)
	at knot//net.minecraft.client.Minecraft.lambda$fillSystemReport$2(Minecraft.java:2579)
	at knot//net.minecraft.SystemReport.setDetail(SystemReport.java:91)
	at knot//net.minecraft.client.Minecraft.fillSystemReport(Minecraft.java:2579)
	at knot//net.minecraft.client.Minecraft.fillReport(Minecraft.java:2549)
	at knot//net.minecraft.client.main.Main.main(Main.java:205)
	at net.fabricmc.loader.impl.game.minecraft.MinecraftGameProvider.launch(MinecraftGameProvider.java:514)
	at net.fabricmc.loader.impl.launch.knot.Knot.launch(Knot.java:72)
	at net.fabricmc.loader.impl.launch.knot.KnotClient.main(KnotClient.java:23)
	at net.fabricmc.devlaunchinjector.Main.main(Main.java:86)
